// Jest Snapshot v1, https://goo.gl/fbAQLP

exports[`ToolbarDark matches snapshot 1`] = `
<div
  className="qui qui-button"
>
  <div
    className="qui-backbar"
    style={
      Object {
        "backgroundColor": undefined,
      }
    }
  >
    <div
      className="qui-icon"
    />
  </div>
</div>
`;
